// Jest Snapshot v1, https://goo.gl/fbAQLP

exports[`InputForm component InputForm render check  1`] = `ShallowWrapper {}`;
